// Jest Snapshot v1, https://goo.gl/fbAQLP

exports[`FormSearch it renders correctly 1`] = `
ShallowWrapper {
  Symbol(enzyme.__root__): [Circular],
  Symbol(enzyme.__unrendered__): <FormSearch />,
  Symbol(enzyme.__renderer__): Object {
    "batchedUpdates": [Function],
    "checkPropTypes": [Function],
    "getNode": [Function],
    "render": [Function],
    "simulateError": [Function],
    "simulateEvent": [Function],
    "unmount": [Function],
  },
  Symbol(enzyme.__node__): Object {
    "instance": null,
    "key": undefined,
    "nodeType": "host",
    "props": Object {
      "children": <form
        className="searchForm"
        onSubmit={[Function]}
      >
        <input
          className="inputSearch"
          onChange={[Function]}
          placeholder="Input the city name"
          type="text"
          value=""
        />
        <input
          className="searchButton"
          type="submit"
          value="Search"
        />
      </form>,
      "className": "searchFormContainer",
    },
    "ref": null,
    "rendered": Object {
      "instance": null,
      "key": undefined,
      "nodeType": "host",
      "props": Object {
        "children": Array [
          <input
            className="inputSearch"
            onChange={[Function]}
            placeholder="Input the city name"
            type="text"
            value=""
          />,
          <input
            className="searchButton"
            type="submit"
            value="Search"
          />,
        ],
        "className": "searchForm",
        "onSubmit": [Function],
      },
      "ref": null,
      "rendered": Array [
        Object {
          "instance": null,
          "key": undefined,
          "nodeType": "host",
          "props": Object {
            "className": "inputSearch",
            "onChange": [Function],
            "placeholder": "Input the city name",
            "type": "text",
            "value": "",
          },
          "ref": null,
          "rendered": null,
          "type": "input",
        },
        Object {
          "instance": null,
          "key": undefined,
          "nodeType": "host",
          "props": Object {
            "className": "searchButton",
            "type": "submit",
            "value": "Search",
          },
          "ref": null,
          "rendered": null,
          "type": "input",
        },
      ],
      "type": "form",
    },
    "type": "div",
  },
  Symbol(enzyme.__nodes__): Array [
    Object {
      "instance": null,
      "key": undefined,
      "nodeType": "host",
      "props": Object {
        "children": <form
          className="searchForm"
          onSubmit={[Function]}
        >
          <input
            className="inputSearch"
            onChange={[Function]}
            placeholder="Input the city name"
            type="text"
            value=""
          />
          <input
            className="searchButton"
            type="submit"
            value="Search"
          />
        </form>,
        "className": "searchFormContainer",
      },
      "ref": null,
      "rendered": Object {
        "instance": null,
        "key": undefined,
        "nodeType": "host",
        "props": Object {
          "children": Array [
            <input
              className="inputSearch"
              onChange={[Function]}
              placeholder="Input the city name"
              type="text"
              value=""
            />,
            <input
              className="searchButton"
              type="submit"
              value="Search"
            />,
          ],
          "className": "searchForm",
          "onSubmit": [Function],
        },
        "ref": null,
        "rendered": Array [
          Object {
            "instance": null,
            "key": undefined,
            "nodeType": "host",
            "props": Object {
              "className": "inputSearch",
              "onChange": [Function],
              "placeholder": "Input the city name",
              "type": "text",
              "value": "",
            },
            "ref": null,
            "rendered": null,
            "type": "input",
          },
          Object {
            "instance": null,
            "key": undefined,
            "nodeType": "host",
            "props": Object {
              "className": "searchButton",
              "type": "submit",
              "value": "Search",
            },
            "ref": null,
            "rendered": null,
            "type": "input",
          },
        ],
        "type": "form",
      },
      "type": "div",
    },
  ],
  Symbol(enzyme.__options__): Object {
    "adapter": ReactSixteenAdapter {
      "options": Object {
        "enableComponentDidUpdateOnSetState": true,
        "legacyContextMode": "parent",
        "lifecycles": Object {
          "componentDidUpdate": Object {
            "onSetState": true,
          },
          "getChildContext": Object {
            "calledByRenderer": false,
          },
          "getDerivedStateFromProps": true,
          "getSnapshotBeforeUpdate": true,
          "setState": Object {
            "skipsComponentDidUpdateOnNullish": true,
          },
        },
      },
    },
  },
}
`;
