// Jest Snapshot v1, https://goo.gl/fbAQLP

exports[`Home screen it renders correctly 1`] = `
"<Home>
  <MainContainer>
    <div className=\\"mainContainer\\">
      <FormSearch handleSearch={[Function]}>
        <div className=\\"searchFormContainer\\">
          <form className=\\"searchForm\\" onSubmit={[Function]}>
            <input className=\\"inputSearch\\" type=\\"text\\" placeholder=\\"Input the city name\\" onChange={[Function]} value=\\"\\" />
            <input className=\\"searchButton\\" type=\\"submit\\" value=\\"Search\\" />
          </form>
        </div>
      </FormSearch>
      <WeatherContainer cityWeatherInfos={{...}}>
        <div />
      </WeatherContainer>
    </div>
  </MainContainer>
</Home>"
`;
